[     163ms] [LOG] Angular is running in development mode. @ http://localhost:5173/node_modules/.vite/deps/core-rdmkyoDQ.js?v=f487a37b:9028
[     189ms] [ERROR] Failed to load resource: the server responded with a status of 401 (Unauthorized) @ http://localhost:5173/api/auth/me:0
[     203ms] [ERROR] Failed to load resource: the server responded with a status of 401 (Unauthorized) @ http://localhost:5173/api/auth/me:0
[     445ms] [LOG] Angular hydrated 5 component(s) and 170 node(s), 0 component(s) were skipped. Learn more at https://v21.angular.dev/guide/hydration. @ http://localhost:5173/node_modules/.vite/deps/core-rdmkyoDQ.js?v=f487a37b:9028
[   25240ms] [LOG] Angular is running in development mode. @ http://localhost:5173/node_modules/.vite/deps/core-rdmkyoDQ.js?v=f487a37b:9028
[   25256ms] [ERROR] Failed to load resource: the server responded with a status of 401 (Unauthorized) @ http://localhost:5173/api/auth/me:0
[   25276ms] [LOG] Angular hydrated 5 component(s) and 170 node(s), 0 component(s) were skipped. Learn more at https://v21.angular.dev/guide/hydration. @ http://localhost:5173/node_modules/.vite/deps/core-rdmkyoDQ.js?v=f487a37b:9028
[   34395ms] [LOG] Angular is running in development mode. @ http://localhost:5173/node_modules/.vite/deps/core-rdmkyoDQ.js?v=f487a37b:9028
[   34399ms] [ERROR] Failed to load resource: the server responded with a status of 401 (Unauthorized) @ http://localhost:5173/api/auth/me:0
[   34425ms] [LOG] Angular hydrated 5 component(s) and 170 node(s), 0 component(s) were skipped. Learn more at https://v21.angular.dev/guide/hydration. @ http://localhost:5173/node_modules/.vite/deps/core-rdmkyoDQ.js?v=f487a37b:9028
[  235711ms] [ERROR] Failed to load resource: the server responded with a status of 500 (Internal Server Error) @ http://localhost:5173/login:0
[  256460ms] [ERROR] Failed to load resource: the server responded with a status of 500 (Internal Server Error) @ http://localhost:5173/login:0
[  658340ms] [ERROR] Failed to load resource: the server responded with a status of 500 (Internal Server Error) @ http://localhost:5173/login:0
[  780158ms] [ERROR] Failed to load resource: the server responded with a status of 500 (Internal Server Error) @ http://localhost:5173/login:0
[  787688ms] [ERROR] Failed to load resource: the server responded with a status of 500 (Internal Server Error) @ http://localhost:5173/login:0
[  822961ms] [ERROR] Failed to load resource: the server responded with a status of 500 (Internal Server Error) @ http://localhost:5173/login:0
[  840348ms] [ERROR] Failed to load resource: the server responded with a status of 500 (Internal Server Error) @ http://localhost:5173/login:0
[  869717ms] [ERROR] Failed to load resource: the server responded with a status of 500 (Internal Server Error) @ http://localhost:5173/login:0
[  875578ms] [ERROR] Failed to load resource: the server responded with a status of 500 (Internal Server Error) @ http://localhost:5173/login:0
[  949376ms] [ERROR] Failed to load resource: the server responded with a status of 500 (Internal Server Error) @ http://localhost:5173/login:0
[  975422ms] [ERROR] Failed to load resource: the server responded with a status of 500 (Internal Server Error) @ http://localhost:5173/login:0
[  976229ms] [ERROR] Failed to load resource: the server responded with a status of 500 (Internal Server Error) @ http://localhost:5173/login:0
[  983971ms] [ERROR] Failed to load resource: the server responded with a status of 500 (Internal Server Error) @ http://localhost:5173/login:0
[ 1005491ms] [ERROR] Failed to load resource: the server responded with a status of 500 (Internal Server Error) @ http://localhost:5173/login:0
[ 1017999ms] [ERROR] Failed to load resource: the server responded with a status of 500 (Internal Server Error) @ http://localhost:5173/login:0
[ 1034367ms] [ERROR] Failed to load resource: the server responded with a status of 500 (Internal Server Error) @ http://localhost:5173/login:0
[ 1035813ms] [ERROR] Failed to load resource: the server responded with a status of 500 (Internal Server Error) @ http://localhost:5173/login:0
[ 1040989ms] [ERROR] Failed to load resource: the server responded with a status of 500 (Internal Server Error) @ http://localhost:5173/login:0
[ 1053632ms] [ERROR] Failed to load resource: the server responded with a status of 500 (Internal Server Error) @ http://localhost:5173/login:0
[ 1061407ms] [ERROR] Failed to load resource: the server responded with a status of 500 (Internal Server Error) @ http://localhost:5173/login:0
[ 1072258ms] [ERROR] Failed to load resource: the server responded with a status of 500 (Internal Server Error) @ http://localhost:5173/login:0
[ 1075055ms] [ERROR] Failed to load resource: the server responded with a status of 500 (Internal Server Error) @ http://localhost:5173/login:0
[ 1090730ms] [ERROR] Failed to load resource: the server responded with a status of 500 (Internal Server Error) @ http://localhost:5173/login:0
[ 1093467ms] [ERROR] Failed to load resource: the server responded with a status of 500 (Internal Server Error) @ http://localhost:5173/login:0
[ 1106654ms] [ERROR] Failed to load resource: the server responded with a status of 500 (Internal Server Error) @ http://localhost:5173/login:0
[ 1109194ms] [ERROR] Failed to load resource: the server responded with a status of 500 (Internal Server Error) @ http://localhost:5173/login:0
[ 1115829ms] [ERROR] Failed to load resource: the server responded with a status of 500 (Internal Server Error) @ http://localhost:5173/login:0
[ 1116648ms] [ERROR] Failed to load resource: the server responded with a status of 500 (Internal Server Error) @ http://localhost:5173/login:0
[ 1122473ms] [ERROR] Failed to load resource: the server responded with a status of 500 (Internal Server Error) @ http://localhost:5173/login:0
[ 1126832ms] [ERROR] Failed to load resource: the server responded with a status of 500 (Internal Server Error) @ http://localhost:5173/login:0
[ 1138992ms] [ERROR] Failed to load resource: the server responded with a status of 500 (Internal Server Error) @ http://localhost:5173/login:0
[ 1159591ms] [ERROR] Failed to load resource: the server responded with a status of 500 (Internal Server Error) @ http://localhost:5173/login:0
[ 1166845ms] [ERROR] Failed to load resource: the server responded with a status of 500 (Internal Server Error) @ http://localhost:5173/login:0
[ 1168511ms] [ERROR] Failed to load resource: the server responded with a status of 500 (Internal Server Error) @ http://localhost:5173/login:0
[ 1170042ms] [ERROR] Failed to load resource: the server responded with a status of 500 (Internal Server Error) @ http://localhost:5173/login:0
[ 1170607ms] [ERROR] Failed to load resource: the server responded with a status of 500 (Internal Server Error) @ http://localhost:5173/login:0
[ 1178558ms] [ERROR] Failed to load resource: the server responded with a status of 500 (Internal Server Error) @ http://localhost:5173/login:0
[ 1190561ms] [ERROR] Failed to load resource: the server responded with a status of 500 (Internal Server Error) @ http://localhost:5173/login:0
[ 1199153ms] [ERROR] Failed to load resource: the server responded with a status of 500 (Internal Server Error) @ http://localhost:5173/login:0
[ 1209366ms] [ERROR] Failed to load resource: the server responded with a status of 500 (Internal Server Error) @ http://localhost:5173/login:0
[ 1217763ms] [ERROR] Failed to load resource: the server responded with a status of 500 (Internal Server Error) @ http://localhost:5173/login:0
[ 1221309ms] [ERROR] Failed to load resource: the server responded with a status of 500 (Internal Server Error) @ http://localhost:5173/login:0
[ 1242664ms] [ERROR] Failed to load resource: the server responded with a status of 500 (Internal Server Error) @ http://localhost:5173/login:0
[ 1253947ms] [ERROR] Failed to load resource: the server responded with a status of 500 (Internal Server Error) @ http://localhost:5173/login:0
[ 1254067ms] [ERROR] Failed to load resource: the server responded with a status of 500 (Internal Server Error) @ http://localhost:5173/login:0
[ 1275960ms] [ERROR] Failed to load resource: the server responded with a status of 500 (Internal Server Error) @ http://localhost:5173/login:0
[ 1276362ms] [ERROR] Failed to load resource: the server responded with a status of 500 (Internal Server Error) @ http://localhost:5173/login:0
[ 1307730ms] [ERROR] Failed to load resource: the server responded with a status of 500 (Internal Server Error) @ http://localhost:5173/login:0
[ 1326769ms] [ERROR] Failed to load resource: the server responded with a status of 500 (Internal Server Error) @ http://localhost:5173/login:0
[ 1341002ms] [ERROR] Failed to load resource: the server responded with a status of 500 (Internal Server Error) @ http://localhost:5173/login:0
[ 1366532ms] [ERROR] Failed to load resource: the server responded with a status of 500 (Internal Server Error) @ http://localhost:5173/login:0
[ 1393431ms] [ERROR] Failed to load resource: the server responded with a status of 500 (Internal Server Error) @ http://localhost:5173/login:0
[ 1394777ms] [ERROR] Failed to load resource: the server responded with a status of 500 (Internal Server Error) @ http://localhost:5173/login:0
[ 1415393ms] [ERROR] Failed to load resource: the server responded with a status of 500 (Internal Server Error) @ http://localhost:5173/login:0
[ 1448186ms] [ERROR] Failed to load resource: the server responded with a status of 500 (Internal Server Error) @ http://localhost:5173/login:0
[ 1471908ms] [ERROR] Failed to load resource: the server responded with a status of 500 (Internal Server Error) @ http://localhost:5173/login:0
[ 1479637ms] [ERROR] Failed to load resource: the server responded with a status of 500 (Internal Server Error) @ http://localhost:5173/login:0
[ 1488003ms] [ERROR] Failed to load resource: the server responded with a status of 500 (Internal Server Error) @ http://localhost:5173/login:0
[ 1490923ms] [ERROR] Failed to load resource: the server responded with a status of 500 (Internal Server Error) @ http://localhost:5173/login:0
[ 1494033ms] [ERROR] Failed to load resource: the server responded with a status of 500 (Internal Server Error) @ http://localhost:5173/login:0
[ 1531379ms] [ERROR] Failed to load resource: the server responded with a status of 500 (Internal Server Error) @ http://localhost:5173/login:0
[ 1552572ms] [ERROR] Failed to load resource: the server responded with a status of 500 (Internal Server Error) @ http://localhost:5173/login:0
[ 1565630ms] [ERROR] Failed to load resource: the server responded with a status of 500 (Internal Server Error) @ http://localhost:5173/login:0
[ 1573670ms] [ERROR] Failed to load resource: the server responded with a status of 500 (Internal Server Error) @ http://localhost:5173/login:0
[ 1579955ms] [ERROR] Failed to load resource: the server responded with a status of 500 (Internal Server Error) @ http://localhost:5173/login:0
[ 1602406ms] [ERROR] Failed to load resource: the server responded with a status of 500 (Internal Server Error) @ http://localhost:5173/login:0
[ 1795092ms] [ERROR] Failed to load resource: the server responded with a status of 500 (Internal Server Error) @ http://localhost:5173/login:0
[ 1827824ms] [ERROR] Failed to load resource: the server responded with a status of 500 (Internal Server Error) @ http://localhost:5173/login:0
[ 1978796ms] [LOG] [vite] server connection lost. Polling for restart... @ http://localhost:5173/@vite/client:1002
[ 1988678ms] [LOG] Angular is running in development mode. @ http://localhost:5173/node_modules/.vite/deps/core-rdmkyoDQ.js?v=f487a37b:9028
[ 1988696ms] [ERROR] Failed to load resource: the server responded with a status of 502 (Bad Gateway) @ http://localhost:5173/api/auth/me:0
[ 1988788ms] [LOG] Angular is running in development mode. @ http://localhost:5173/node_modules/.vite/deps/core-rdmkyoDQ.js?v=f487a37b:9028
[ 1988798ms] [ERROR] Failed to load resource: the server responded with a status of 502 (Bad Gateway) @ http://localhost:5173/api/auth/me:0
[ 1988820ms] [LOG] Angular hydrated 5 component(s) and 170 node(s), 0 component(s) were skipped. Learn more at https://v21.angular.dev/guide/hydration. @ http://localhost:5173/node_modules/.vite/deps/core-rdmkyoDQ.js?v=f487a37b:9028
[ 2601503ms] [LOG] Angular is running in development mode. @ http://localhost:5173/node_modules/.vite/deps/core-rdmkyoDQ.js?v=f487a37b:9028
[ 2601511ms] [ERROR] Failed to load resource: the server responded with a status of 401 (Unauthorized) @ http://localhost:5173/api/auth/me:0
[ 2601541ms] [LOG] Angular hydrated 5 component(s) and 170 node(s), 0 component(s) were skipped. Learn more at https://v21.angular.dev/guide/hydration. @ http://localhost:5173/node_modules/.vite/deps/core-rdmkyoDQ.js?v=f487a37b:9028
[ 3217882ms] [LOG] Angular is running in development mode. @ http://localhost:5173/node_modules/.vite/deps/core-rdmkyoDQ.js?v=f487a37b:9028
[ 3217889ms] [ERROR] Failed to load resource: the server responded with a status of 401 (Unauthorized) @ http://localhost:5173/api/auth/me:0
[ 3217910ms] [ERROR] Failed to load resource: the server responded with a status of 500 (Internal Server Error) @ http://localhost:5173/src/app/i18n/es.ts?t=1788049205129:0
[ 3217911ms] [ERROR] ERROR TypeError: Failed to fetch dynamically imported module: http://localhost:5173/src/app/features/auth/login.ts?t=1788049205300 @ http://localhost:5173/node_modules/.vite/deps/_resource-chunk-DDMsXBIB.js?v=f487a37b:2607
[ 3217913ms] [LOG] Angular hydrated 1 component(s) and 3 node(s), 0 component(s) were skipped. Learn more at https://v21.angular.dev/guide/hydration. @ http://localhost:5173/node_modules/.vite/deps/core-rdmkyoDQ.js?v=f487a37b:9028
