[     107ms] [LOG] Angular is running in development mode. @ http://localhost:5173/node_modules/.vite/deps/core-rdmkyoDQ.js?v=f487a37b:9028
[     130ms] [ERROR] Failed to load resource: the server responded with a status of 401 (Unauthorized) @ http://localhost:5173/api/auth/me:0
[     150ms] [ERROR] Failed to load resource: the server responded with a status of 401 (Unauthorized) @ http://localhost:5173/api/auth/me:0
[     172ms] [LOG] Angular hydrated 5 component(s) and 170 node(s), 0 component(s) were skipped. Learn more at https://v21.angular.dev/guide/hydration. @ http://localhost:5173/node_modules/.vite/deps/core-rdmkyoDQ.js?v=f487a37b:9028
[   13263ms] [LOG] [vite] server connection lost. Polling for restart... @ http://localhost:5173/@vite/client:1002
[   20159ms] [LOG] Angular is running in development mode. @ http://localhost:5173/node_modules/.vite/deps/core-rdmkyoDQ.js?v=f487a37b:9028
[   20184ms] [ERROR] Failed to load resource: the server responded with a status of 401 (Unauthorized) @ http://localhost:5173/api/auth/me:0
[   20248ms] [LOG] Angular is running in development mode. @ http://localhost:5173/node_modules/.vite/deps/core-rdmkyoDQ.js?v=f487a37b:9028
[   20255ms] [ERROR] Failed to load resource: the server responded with a status of 401 (Unauthorized) @ http://localhost:5173/api/auth/me:0
[   20270ms] [LOG] Angular hydrated 5 component(s) and 170 node(s), 0 component(s) were skipped. Learn more at https://v21.angular.dev/guide/hydration. @ http://localhost:5173/node_modules/.vite/deps/core-rdmkyoDQ.js?v=f487a37b:9028
[  180382ms] [LOG] Angular is running in development mode. @ http://localhost:5173/node_modules/.vite/deps/core-rdmkyoDQ.js?v=f487a37b:9028
[  180390ms] [ERROR] Failed to load resource: the server responded with a status of 401 (Unauthorized) @ http://localhost:5173/api/auth/me:0
[  180403ms] [LOG] Angular hydrated 5 component(s) and 170 node(s), 0 component(s) were skipped. Learn more at https://v21.angular.dev/guide/hydration. @ http://localhost:5173/node_modules/.vite/deps/core-rdmkyoDQ.js?v=f487a37b:9028
[  970348ms] [LOG] Angular is running in development mode. @ http://localhost:5173/node_modules/.vite/deps/core-rdmkyoDQ.js?v=f487a37b:9028
[  970370ms] [ERROR] Failed to load resource: the server responded with a status of 401 (Unauthorized) @ http://localhost:5173/api/auth/me:0
[  970404ms] [LOG] Angular hydrated 5 component(s) and 170 node(s), 0 component(s) were skipped. Learn more at https://v21.angular.dev/guide/hydration. @ http://localhost:5173/node_modules/.vite/deps/core-rdmkyoDQ.js?v=f487a37b:9028
[  975750ms] [LOG] Angular is running in development mode. @ http://localhost:5173/node_modules/.vite/deps/core-rdmkyoDQ.js?v=f487a37b:9028
[  975765ms] [ERROR] Failed to load resource: the server responded with a status of 401 (Unauthorized) @ http://localhost:5173/api/auth/me:0
[  975787ms] [LOG] Angular hydrated 5 component(s) and 170 node(s), 0 component(s) were skipped. Learn more at https://v21.angular.dev/guide/hydration. @ http://localhost:5173/node_modules/.vite/deps/core-rdmkyoDQ.js?v=f487a37b:9028
[ 1615686ms] [LOG] Angular is running in development mode. @ http://localhost:5173/node_modules/.vite/deps/core-rdmkyoDQ.js?v=f487a37b:9028
[ 1615701ms] [ERROR] Failed to load resource: the server responded with a status of 401 (Unauthorized) @ http://localhost:5173/api/auth/me:0
[ 1615726ms] [LOG] Angular hydrated 5 component(s) and 170 node(s), 0 component(s) were skipped. Learn more at https://v21.angular.dev/guide/hydration. @ http://localhost:5173/node_modules/.vite/deps/core-rdmkyoDQ.js?v=f487a37b:9028
[ 1620281ms] [LOG] Angular is running in development mode. @ http://localhost:5173/node_modules/.vite/deps/core-rdmkyoDQ.js?v=f487a37b:9028
[ 1620296ms] [ERROR] Failed to load resource: the server responded with a status of 401 (Unauthorized) @ http://localhost:5173/api/auth/me:0
[ 1620342ms] [LOG] Angular hydrated 5 component(s) and 170 node(s), 0 component(s) were skipped. Learn more at https://v21.angular.dev/guide/hydration. @ http://localhost:5173/node_modules/.vite/deps/core-rdmkyoDQ.js?v=f487a37b:9028
[ 1624176ms] [LOG] Angular is running in development mode. @ http://localhost:5173/node_modules/.vite/deps/core-rdmkyoDQ.js?v=f487a37b:9028
[ 1624184ms] [ERROR] Failed to load resource: the server responded with a status of 401 (Unauthorized) @ http://localhost:5173/api/auth/me:0
[ 1624200ms] [ERROR] Failed to load resource: the server responded with a status of 500 (Internal Server Error) @ http://localhost:5173/src/app/i18n/it.ts?t=1788108731686:0
[ 1624201ms] [ERROR] ERROR TypeError: Failed to fetch dynamically imported module: http://localhost:5173/src/app/features/auth/login.ts?t=1788108731686 @ http://localhost:5173/node_modules/.vite/deps/_resource-chunk-DDMsXBIB.js?v=f487a37b:2607
[ 1624201ms] [LOG] Angular hydrated 1 component(s) and 3 node(s), 0 component(s) were skipped. Learn more at https://v21.angular.dev/guide/hydration. @ http://localhost:5173/node_modules/.vite/deps/core-rdmkyoDQ.js?v=f487a37b:9028
[ 1625896ms] [LOG] Angular is running in development mode. @ http://localhost:5173/node_modules/.vite/deps/core-rdmkyoDQ.js?v=f487a37b:9028
[ 1625903ms] [ERROR] Failed to load resource: the server responded with a status of 401 (Unauthorized) @ http://localhost:5173/api/auth/me:0
[ 1625914ms] [ERROR] Failed to load resource: the server responded with a status of 401 (Unauthorized) @ http://localhost:5173/api/auth/me:0
[ 1625943ms] [LOG] Angular hydrated 5 component(s) and 170 node(s), 0 component(s) were skipped. Learn more at https://v21.angular.dev/guide/hydration. @ http://localhost:5173/node_modules/.vite/deps/core-rdmkyoDQ.js?v=f487a37b:9028
[ 1631541ms] [LOG] Angular is running in development mode. @ http://localhost:5173/node_modules/.vite/deps/core-rdmkyoDQ.js?v=f487a37b:9028
[ 1631551ms] [ERROR] Failed to load resource: the server responded with a status of 401 (Unauthorized) @ http://localhost:5173/api/auth/me:0
[ 1631576ms] [LOG] Angular hydrated 5 component(s) and 170 node(s), 0 component(s) were skipped. Learn more at https://v21.angular.dev/guide/hydration. @ http://localhost:5173/node_modules/.vite/deps/core-rdmkyoDQ.js?v=f487a37b:9028
[ 1645625ms] [LOG] Angular is running in development mode. @ http://localhost:5173/node_modules/.vite/deps/core-rdmkyoDQ.js?v=f487a37b:9028
[ 1645639ms] [ERROR] Failed to load resource: the server responded with a status of 401 (Unauthorized) @ http://localhost:5173/api/auth/me:0
[ 1645675ms] [LOG] Angular hydrated 5 component(s) and 170 node(s), 0 component(s) were skipped. Learn more at https://v21.angular.dev/guide/hydration. @ http://localhost:5173/node_modules/.vite/deps/core-rdmkyoDQ.js?v=f487a37b:9028
[ 1654394ms] [LOG] Angular is running in development mode. @ http://localhost:5173/node_modules/.vite/deps/core-rdmkyoDQ.js?v=f487a37b:9028
[ 1654407ms] [ERROR] Failed to load resource: the server responded with a status of 401 (Unauthorized) @ http://localhost:5173/api/auth/me:0
[ 1654425ms] [LOG] Angular hydrated 5 component(s) and 170 node(s), 0 component(s) were skipped. Learn more at https://v21.angular.dev/guide/hydration. @ http://localhost:5173/node_modules/.vite/deps/core-rdmkyoDQ.js?v=f487a37b:9028
[ 1659873ms] [LOG] Angular is running in development mode. @ http://localhost:5173/node_modules/.vite/deps/core-rdmkyoDQ.js?v=f487a37b:9028
[ 1659892ms] [ERROR] Failed to load resource: the server responded with a status of 401 (Unauthorized) @ http://localhost:5173/api/auth/me:0
[ 1659907ms] [LOG] Angular hydrated 5 component(s) and 170 node(s), 0 component(s) were skipped. Learn more at https://v21.angular.dev/guide/hydration. @ http://localhost:5173/node_modules/.vite/deps/core-rdmkyoDQ.js?v=f487a37b:9028
[ 1664151ms] [LOG] Angular is running in development mode. @ http://localhost:5173/node_modules/.vite/deps/core-rdmkyoDQ.js?v=f487a37b:9028
[ 1664164ms] [ERROR] Failed to load resource: the server responded with a status of 401 (Unauthorized) @ http://localhost:5173/api/auth/me:0
[ 1664190ms] [LOG] Angular hydrated 5 component(s) and 170 node(s), 0 component(s) were skipped. Learn more at https://v21.angular.dev/guide/hydration. @ http://localhost:5173/node_modules/.vite/deps/core-rdmkyoDQ.js?v=f487a37b:9028
[ 1670092ms] [LOG] Angular is running in development mode. @ http://localhost:5173/node_modules/.vite/deps/core-rdmkyoDQ.js?v=f487a37b:9028
[ 1670098ms] [ERROR] Failed to load resource: the server responded with a status of 401 (Unauthorized) @ http://localhost:5173/api/auth/me:0
[ 1670124ms] [LOG] Angular hydrated 5 component(s) and 170 node(s), 0 component(s) were skipped. Learn more at https://v21.angular.dev/guide/hydration. @ http://localhost:5173/node_modules/.vite/deps/core-rdmkyoDQ.js?v=f487a37b:9028
[ 1674047ms] [LOG] Angular is running in development mode. @ http://localhost:5173/node_modules/.vite/deps/core-rdmkyoDQ.js?v=f487a37b:9028
[ 1674053ms] [ERROR] Failed to load resource: the server responded with a status of 401 (Unauthorized) @ http://localhost:5173/api/auth/me:0
[ 1674073ms] [LOG] Angular hydrated 5 component(s) and 170 node(s), 0 component(s) were skipped. Learn more at https://v21.angular.dev/guide/hydration. @ http://localhost:5173/node_modules/.vite/deps/core-rdmkyoDQ.js?v=f487a37b:9028
[ 1681581ms] [LOG] Angular is running in development mode. @ http://localhost:5173/node_modules/.vite/deps/core-rdmkyoDQ.js?v=f487a37b:9028
[ 1681589ms] [ERROR] Failed to load resource: the server responded with a status of 401 (Unauthorized) @ http://localhost:5173/api/auth/me:0
[ 1681605ms] [LOG] Angular hydrated 5 component(s) and 170 node(s), 0 component(s) were skipped. Learn more at https://v21.angular.dev/guide/hydration. @ http://localhost:5173/node_modules/.vite/deps/core-rdmkyoDQ.js?v=f487a37b:9028
[ 1691818ms] [LOG] Angular is running in development mode. @ http://localhost:5173/node_modules/.vite/deps/core-rdmkyoDQ.js?v=f487a37b:9028
[ 1691825ms] [ERROR] Failed to load resource: the server responded with a status of 401 (Unauthorized) @ http://localhost:5173/api/auth/me:0
[ 1691840ms] [LOG] Angular hydrated 5 component(s) and 170 node(s), 0 component(s) were skipped. Learn more at https://v21.angular.dev/guide/hydration. @ http://localhost:5173/node_modules/.vite/deps/core-rdmkyoDQ.js?v=f487a37b:9028
[ 1703452ms] [LOG] Angular is running in development mode. @ http://localhost:5173/node_modules/.vite/deps/core-rdmkyoDQ.js?v=f487a37b:9028
[ 1703458ms] [ERROR] Failed to load resource: the server responded with a status of 401 (Unauthorized) @ http://localhost:5173/api/auth/me:0
[ 1703488ms] [LOG] Angular hydrated 5 component(s) and 170 node(s), 0 component(s) were skipped. Learn more at https://v21.angular.dev/guide/hydration. @ http://localhost:5173/node_modules/.vite/deps/core-rdmkyoDQ.js?v=f487a37b:9028
[ 1713788ms] [LOG] Angular is running in development mode. @ http://localhost:5173/node_modules/.vite/deps/core-rdmkyoDQ.js?v=f487a37b:9028
[ 1713794ms] [ERROR] Failed to load resource: the server responded with a status of 401 (Unauthorized) @ http://localhost:5173/api/auth/me:0
[ 1713821ms] [LOG] Angular hydrated 5 component(s) and 170 node(s), 0 component(s) were skipped. Learn more at https://v21.angular.dev/guide/hydration. @ http://localhost:5173/node_modules/.vite/deps/core-rdmkyoDQ.js?v=f487a37b:9028
[ 1720274ms] [LOG] Angular is running in development mode. @ http://localhost:5173/node_modules/.vite/deps/core-rdmkyoDQ.js?v=f487a37b:9028
[ 1720284ms] [ERROR] Failed to load resource: the server responded with a status of 401 (Unauthorized) @ http://localhost:5173/api/auth/me:0
[ 1720305ms] [LOG] Angular hydrated 5 component(s) and 170 node(s), 0 component(s) were skipped. Learn more at https://v21.angular.dev/guide/hydration. @ http://localhost:5173/node_modules/.vite/deps/core-rdmkyoDQ.js?v=f487a37b:9028
[ 1725069ms] [LOG] [vite] server connection lost. Polling for restart... @ http://localhost:5173/@vite/client:1002
[ 1725427ms] [LOG] Angular is running in development mode. @ http://localhost:5173/node_modules/.vite/deps/core-rdmkyoDQ.js?v=f487a37b:9028
[ 1725442ms] [ERROR] Failed to load resource: the server responded with a status of 401 (Unauthorized) @ http://localhost:5173/api/auth/me:0
[ 1725473ms] [LOG] Angular hydrated 5 component(s) and 170 node(s), 0 component(s) were skipped. Learn more at https://v21.angular.dev/guide/hydration. @ http://localhost:5173/node_modules/.vite/deps/core-rdmkyoDQ.js?v=f487a37b:9028
[ 1734217ms] [LOG] Angular is running in development mode. @ http://localhost:5173/node_modules/.vite/deps/core-rdmkyoDQ.js?v=f487a37b:9028
[ 1734241ms] [ERROR] Failed to load resource: the server responded with a status of 401 (Unauthorized) @ http://localhost:5173/api/auth/me:0
[ 1734274ms] [LOG] Angular hydrated 5 component(s) and 170 node(s), 0 component(s) were skipped. Learn more at https://v21.angular.dev/guide/hydration. @ http://localhost:5173/node_modules/.vite/deps/core-rdmkyoDQ.js?v=f487a37b:9028
[ 1741065ms] [LOG] Angular is running in development mode. @ http://localhost:5173/node_modules/.vite/deps/core-rdmkyoDQ.js?v=f487a37b:9028
[ 1741094ms] [ERROR] Failed to load resource: the server responded with a status of 401 (Unauthorized) @ http://localhost:5173/api/auth/me:0
[ 1741225ms] [LOG] Angular hydrated 5 component(s) and 170 node(s), 0 component(s) were skipped. Learn more at https://v21.angular.dev/guide/hydration. @ http://localhost:5173/node_modules/.vite/deps/core-rdmkyoDQ.js?v=f487a37b:9028
[ 1749002ms] [LOG] Angular is running in development mode. @ http://localhost:5173/node_modules/.vite/deps/core-rdmkyoDQ.js?v=f487a37b:9028
[ 1749007ms] [ERROR] Failed to load resource: the server responded with a status of 401 (Unauthorized) @ http://localhost:5173/api/auth/me:0
[ 1749039ms] [LOG] Angular hydrated 5 component(s) and 170 node(s), 0 component(s) were skipped. Learn more at https://v21.angular.dev/guide/hydration. @ http://localhost:5173/node_modules/.vite/deps/core-rdmkyoDQ.js?v=f487a37b:9028
[ 1754404ms] [LOG] Angular is running in development mode. @ http://localhost:5173/node_modules/.vite/deps/core-rdmkyoDQ.js?v=f487a37b:9028
[ 1754414ms] [ERROR] Failed to load resource: the server responded with a status of 401 (Unauthorized) @ http://localhost:5173/api/auth/me:0
[ 1754439ms] [LOG] Angular hydrated 5 component(s) and 170 node(s), 0 component(s) were skipped. Learn more at https://v21.angular.dev/guide/hydration. @ http://localhost:5173/node_modules/.vite/deps/core-rdmkyoDQ.js?v=f487a37b:9028
[ 1767731ms] [LOG] Angular is running in development mode. @ http://localhost:5173/node_modules/.vite/deps/core-rdmkyoDQ.js?v=f487a37b:9028
[ 1767744ms] [ERROR] Failed to load resource: the server responded with a status of 401 (Unauthorized) @ http://localhost:5173/api/auth/me:0
[ 1767770ms] [LOG] Angular hydrated 5 component(s) and 170 node(s), 0 component(s) were skipped. Learn more at https://v21.angular.dev/guide/hydration. @ http://localhost:5173/node_modules/.vite/deps/core-rdmkyoDQ.js?v=f487a37b:9028
[ 1773406ms] [LOG] Angular is running in development mode. @ http://localhost:5173/node_modules/.vite/deps/core-rdmkyoDQ.js?v=f487a37b:9028
[ 1773424ms] [ERROR] Failed to load resource: the server responded with a status of 401 (Unauthorized) @ http://localhost:5173/api/auth/me:0
[ 1773437ms] [LOG] Angular hydrated 5 component(s) and 170 node(s), 0 component(s) were skipped. Learn more at https://v21.angular.dev/guide/hydration. @ http://localhost:5173/node_modules/.vite/deps/core-rdmkyoDQ.js?v=f487a37b:9028
[ 1782384ms] [LOG] Angular is running in development mode. @ http://localhost:5173/node_modules/.vite/deps/core-rdmkyoDQ.js?v=f487a37b:9028
[ 1782405ms] [ERROR] Failed to load resource: the server responded with a status of 401 (Unauthorized) @ http://localhost:5173/api/auth/me:0
[ 1782437ms] [LOG] Angular hydrated 5 component(s) and 170 node(s), 0 component(s) were skipped. Learn more at https://v21.angular.dev/guide/hydration. @ http://localhost:5173/node_modules/.vite/deps/core-rdmkyoDQ.js?v=f487a37b:9028
[ 1791471ms] [LOG] Angular is running in development mode. @ http://localhost:5173/node_modules/.vite/deps/core-rdmkyoDQ.js?v=f487a37b:9028
[ 1791477ms] [ERROR] Failed to load resource: the server responded with a status of 401 (Unauthorized) @ http://localhost:5173/api/auth/me:0
[ 1791502ms] [LOG] Angular hydrated 5 component(s) and 170 node(s), 0 component(s) were skipped. Learn more at https://v21.angular.dev/guide/hydration. @ http://localhost:5173/node_modules/.vite/deps/core-rdmkyoDQ.js?v=f487a37b:9028
[ 1797394ms] [LOG] Angular is running in development mode. @ http://localhost:5173/node_modules/.vite/deps/core-rdmkyoDQ.js?v=f487a37b:9028
[ 1797404ms] [ERROR] Failed to load resource: the server responded with a status of 401 (Unauthorized) @ http://localhost:5173/api/auth/me:0
[ 1797419ms] [LOG] Angular hydrated 5 component(s) and 170 node(s), 0 component(s) were skipped. Learn more at https://v21.angular.dev/guide/hydration. @ http://localhost:5173/node_modules/.vite/deps/core-rdmkyoDQ.js?v=f487a37b:9028
[ 1802958ms] [LOG] Angular is running in development mode. @ http://localhost:5173/node_modules/.vite/deps/core-rdmkyoDQ.js?v=f487a37b:9028
[ 1802976ms] [ERROR] Failed to load resource: the server responded with a status of 401 (Unauthorized) @ http://localhost:5173/api/auth/me:0
[ 1803001ms] [LOG] Angular hydrated 5 component(s) and 170 node(s), 0 component(s) were skipped. Learn more at https://v21.angular.dev/guide/hydration. @ http://localhost:5173/node_modules/.vite/deps/core-rdmkyoDQ.js?v=f487a37b:9028
[ 1806712ms] [LOG] Angular is running in development mode. @ http://localhost:5173/node_modules/.vite/deps/core-rdmkyoDQ.js?v=f487a37b:9028
[ 1806722ms] [ERROR] Failed to load resource: the server responded with a status of 401 (Unauthorized) @ http://localhost:5173/api/auth/me:0
[ 1806738ms] [LOG] Angular hydrated 5 component(s) and 170 node(s), 0 component(s) were skipped. Learn more at https://v21.angular.dev/guide/hydration. @ http://localhost:5173/node_modules/.vite/deps/core-rdmkyoDQ.js?v=f487a37b:9028
[ 1812861ms] [LOG] Angular is running in development mode. @ http://localhost:5173/node_modules/.vite/deps/core-rdmkyoDQ.js?v=f487a37b:9028
[ 1812867ms] [ERROR] Failed to load resource: the server responded with a status of 401 (Unauthorized) @ http://localhost:5173/api/auth/me:0
[ 1812903ms] [LOG] Angular hydrated 5 component(s) and 170 node(s), 0 component(s) were skipped. Learn more at https://v21.angular.dev/guide/hydration. @ http://localhost:5173/node_modules/.vite/deps/core-rdmkyoDQ.js?v=f487a37b:9028
[ 1816534ms] [LOG] Angular is running in development mode. @ http://localhost:5173/node_modules/.vite/deps/core-rdmkyoDQ.js?v=f487a37b:9028
[ 1816541ms] [ERROR] Failed to load resource: the server responded with a status of 401 (Unauthorized) @ http://localhost:5173/api/auth/me:0
[ 1816568ms] [LOG] Angular hydrated 5 component(s) and 170 node(s), 0 component(s) were skipped. Learn more at https://v21.angular.dev/guide/hydration. @ http://localhost:5173/node_modules/.vite/deps/core-rdmkyoDQ.js?v=f487a37b:9028
[ 1836695ms] [LOG] Angular is running in development mode. @ http://localhost:5173/node_modules/.vite/deps/core-rdmkyoDQ.js?v=f487a37b:9028
[ 1836700ms] [ERROR] Failed to load resource: the server responded with a status of 401 (Unauthorized) @ http://localhost:5173/api/auth/me:0
[ 1836716ms] [LOG] Angular hydrated 5 component(s) and 170 node(s), 0 component(s) were skipped. Learn more at https://v21.angular.dev/guide/hydration. @ http://localhost:5173/node_modules/.vite/deps/core-rdmkyoDQ.js?v=f487a37b:9028
[ 1841141ms] [LOG] Angular is running in development mode. @ http://localhost:5173/node_modules/.vite/deps/core-rdmkyoDQ.js?v=f487a37b:9028
[ 1841152ms] [ERROR] Failed to load resource: the server responded with a status of 401 (Unauthorized) @ http://localhost:5173/api/auth/me:0
[ 1841166ms] [LOG] Angular hydrated 5 component(s) and 170 node(s), 0 component(s) were skipped. Learn more at https://v21.angular.dev/guide/hydration. @ http://localhost:5173/node_modules/.vite/deps/core-rdmkyoDQ.js?v=f487a37b:9028
[ 1846925ms] [LOG] Angular is running in development mode. @ http://localhost:5173/node_modules/.vite/deps/core-rdmkyoDQ.js?v=f487a37b:9028
[ 1846942ms] [ERROR] Failed to load resource: the server responded with a status of 401 (Unauthorized) @ http://localhost:5173/api/auth/me:0
[ 1846966ms] [LOG] Angular hydrated 5 component(s) and 170 node(s), 0 component(s) were skipped. Learn more at https://v21.angular.dev/guide/hydration. @ http://localhost:5173/node_modules/.vite/deps/core-rdmkyoDQ.js?v=f487a37b:9028
[ 1856465ms] [LOG] Angular is running in development mode. @ http://localhost:5173/node_modules/.vite/deps/core-rdmkyoDQ.js?v=f487a37b:9028
[ 1856473ms] [ERROR] Failed to load resource: the server responded with a status of 401 (Unauthorized) @ http://localhost:5173/api/auth/me:0
[ 1856500ms] [LOG] Angular hydrated 5 component(s) and 170 node(s), 0 component(s) were skipped. Learn more at https://v21.angular.dev/guide/hydration. @ http://localhost:5173/node_modules/.vite/deps/core-rdmkyoDQ.js?v=f487a37b:9028
[ 1871409ms] [LOG] Angular is running in development mode. @ http://localhost:5173/node_modules/.vite/deps/core-rdmkyoDQ.js?v=f487a37b:9028
[ 1871424ms] [ERROR] Failed to load resource: the server responded with a status of 401 (Unauthorized) @ http://localhost:5173/api/auth/me:0
[ 1871483ms] [LOG] Angular hydrated 5 component(s) and 170 node(s), 0 component(s) were skipped. Learn more at https://v21.angular.dev/guide/hydration. @ http://localhost:5173/node_modules/.vite/deps/core-rdmkyoDQ.js?v=f487a37b:9028
[ 1879427ms] [LOG] Angular is running in development mode. @ http://localhost:5173/node_modules/.vite/deps/core-rdmkyoDQ.js?v=f487a37b:9028
[ 1879436ms] [ERROR] Failed to load resource: the server responded with a status of 401 (Unauthorized) @ http://localhost:5173/api/auth/me:0
[ 1879449ms] [LOG] Angular hydrated 5 component(s) and 170 node(s), 0 component(s) were skipped. Learn more at https://v21.angular.dev/guide/hydration. @ http://localhost:5173/node_modules/.vite/deps/core-rdmkyoDQ.js?v=f487a37b:9028
[ 1895480ms] [LOG] Angular is running in development mode. @ http://localhost:5173/node_modules/.vite/deps/core-rdmkyoDQ.js?v=f487a37b:9028
[ 1895493ms] [ERROR] Failed to load resource: the server responded with a status of 401 (Unauthorized) @ http://localhost:5173/api/auth/me:0
[ 1895515ms] [LOG] Angular hydrated 5 component(s) and 170 node(s), 0 component(s) were skipped. Learn more at https://v21.angular.dev/guide/hydration. @ http://localhost:5173/node_modules/.vite/deps/core-rdmkyoDQ.js?v=f487a37b:9028
[ 1899996ms] [LOG] Angular is running in development mode. @ http://localhost:5173/node_modules/.vite/deps/core-rdmkyoDQ.js?v=f487a37b:9028
[ 1900008ms] [ERROR] Failed to load resource: the server responded with a status of 401 (Unauthorized) @ http://localhost:5173/api/auth/me:0
[ 1900031ms] [LOG] Angular hydrated 5 component(s) and 170 node(s), 0 component(s) were skipped. Learn more at https://v21.angular.dev/guide/hydration. @ http://localhost:5173/node_modules/.vite/deps/core-rdmkyoDQ.js?v=f487a37b:9028
[ 1906316ms] [LOG] Angular is running in development mode. @ http://localhost:5173/node_modules/.vite/deps/core-rdmkyoDQ.js?v=f487a37b:9028
[ 1906330ms] [ERROR] Failed to load resource: the server responded with a status of 401 (Unauthorized) @ http://localhost:5173/api/auth/me:0
[ 1906347ms] [LOG] Angular hydrated 5 component(s) and 170 node(s), 0 component(s) were skipped. Learn more at https://v21.angular.dev/guide/hydration. @ http://localhost:5173/node_modules/.vite/deps/core-rdmkyoDQ.js?v=f487a37b:9028
[ 1910055ms] [LOG] Angular is running in development mode. @ http://localhost:5173/node_modules/.vite/deps/core-rdmkyoDQ.js?v=f487a37b:9028
[ 1910068ms] [ERROR] Failed to load resource: the server responded with a status of 401 (Unauthorized) @ http://localhost:5173/api/auth/me:0
[ 1910082ms] [LOG] Angular hydrated 5 component(s) and 170 node(s), 0 component(s) were skipped. Learn more at https://v21.angular.dev/guide/hydration. @ http://localhost:5173/node_modules/.vite/deps/core-rdmkyoDQ.js?v=f487a37b:9028
[ 1913949ms] [LOG] Angular is running in development mode. @ http://localhost:5173/node_modules/.vite/deps/core-rdmkyoDQ.js?v=f487a37b:9028
[ 1913955ms] [ERROR] Failed to load resource: the server responded with a status of 401 (Unauthorized) @ http://localhost:5173/api/auth/me:0
[ 1913980ms] [LOG] Angular hydrated 5 component(s) and 170 node(s), 0 component(s) were skipped. Learn more at https://v21.angular.dev/guide/hydration. @ http://localhost:5173/node_modules/.vite/deps/core-rdmkyoDQ.js?v=f487a37b:9028
[ 1923144ms] [LOG] Angular is running in development mode. @ http://localhost:5173/node_modules/.vite/deps/core-rdmkyoDQ.js?v=f487a37b:9028
[ 1923157ms] [ERROR] Failed to load resource: the server responded with a status of 401 (Unauthorized) @ http://localhost:5173/api/auth/me:0
[ 1923179ms] [LOG] Angular hydrated 5 component(s) and 170 node(s), 0 component(s) were skipped. Learn more at https://v21.angular.dev/guide/hydration. @ http://localhost:5173/node_modules/.vite/deps/core-rdmkyoDQ.js?v=f487a37b:9028
[ 1929185ms] [LOG] Angular is running in development mode. @ http://localhost:5173/node_modules/.vite/deps/core-rdmkyoDQ.js?v=f487a37b:9028
[ 1929197ms] [ERROR] Failed to load resource: the server responded with a status of 401 (Unauthorized) @ http://localhost:5173/api/auth/me:0
[ 1929212ms] [LOG] Angular hydrated 5 component(s) and 170 node(s), 0 component(s) were skipped. Learn more at https://v21.angular.dev/guide/hydration. @ http://localhost:5173/node_modules/.vite/deps/core-rdmkyoDQ.js?v=f487a37b:9028
[ 1934663ms] [LOG] Angular is running in development mode. @ http://localhost:5173/node_modules/.vite/deps/core-rdmkyoDQ.js?v=f487a37b:9028
[ 1934677ms] [ERROR] Failed to load resource: the server responded with a status of 401 (Unauthorized) @ http://localhost:5173/api/auth/me:0
[ 1934699ms] [LOG] Angular hydrated 5 component(s) and 170 node(s), 0 component(s) were skipped. Learn more at https://v21.angular.dev/guide/hydration. @ http://localhost:5173/node_modules/.vite/deps/core-rdmkyoDQ.js?v=f487a37b:9028
[ 1965344ms] [LOG] Angular is running in development mode. @ http://localhost:5173/node_modules/.vite/deps/core-rdmkyoDQ.js?v=f487a37b:9028
[ 1965362ms] [ERROR] Failed to load resource: the server responded with a status of 401 (Unauthorized) @ http://localhost:5173/api/auth/me:0
[ 1965412ms] [LOG] Angular hydrated 5 component(s) and 170 node(s), 0 component(s) were skipped. Learn more at https://v21.angular.dev/guide/hydration. @ http://localhost:5173/node_modules/.vite/deps/core-rdmkyoDQ.js?v=f487a37b:9028
[ 1978781ms] [LOG] Angular is running in development mode. @ http://localhost:5173/node_modules/.vite/deps/core-rdmkyoDQ.js?v=f487a37b:9028
[ 1978787ms] [ERROR] Failed to load resource: the server responded with a status of 401 (Unauthorized) @ http://localhost:5173/api/auth/me:0
[ 1978811ms] [LOG] Angular hydrated 5 component(s) and 178 node(s), 0 component(s) were skipped. Learn more at https://v21.angular.dev/guide/hydration. @ http://localhost:5173/node_modules/.vite/deps/core-rdmkyoDQ.js?v=f487a37b:9028
[ 1987232ms] [LOG] Angular is running in development mode. @ http://localhost:5173/node_modules/.vite/deps/core-rdmkyoDQ.js?v=f487a37b:9028
[ 1987253ms] [ERROR] Failed to load resource: the server responded with a status of 401 (Unauthorized) @ http://localhost:5173/api/auth/me:0
[ 1987292ms] [LOG] Angular hydrated 5 component(s) and 178 node(s), 0 component(s) were skipped. Learn more at https://v21.angular.dev/guide/hydration. @ http://localhost:5173/node_modules/.vite/deps/core-rdmkyoDQ.js?v=f487a37b:9028
[ 2000787ms] [LOG] Angular is running in development mode. @ http://localhost:5173/node_modules/.vite/deps/core-rdmkyoDQ.js?v=f487a37b:9028
[ 2000793ms] [ERROR] Failed to load resource: the server responded with a status of 401 (Unauthorized) @ http://localhost:5173/api/auth/me:0
[ 2000824ms] [LOG] Angular hydrated 5 component(s) and 178 node(s), 0 component(s) were skipped. Learn more at https://v21.angular.dev/guide/hydration. @ http://localhost:5173/node_modules/.vite/deps/core-rdmkyoDQ.js?v=f487a37b:9028
[ 2008130ms] [LOG] Angular is running in development mode. @ http://localhost:5173/node_modules/.vite/deps/core-rdmkyoDQ.js?v=f487a37b:9028
[ 2008145ms] [ERROR] Failed to load resource: the server responded with a status of 401 (Unauthorized) @ http://localhost:5173/api/auth/me:0
[ 2008175ms] [LOG] Angular hydrated 5 component(s) and 178 node(s), 0 component(s) were skipped. Learn more at https://v21.angular.dev/guide/hydration. @ http://localhost:5173/node_modules/.vite/deps/core-rdmkyoDQ.js?v=f487a37b:9028
[ 2019035ms] [LOG] Angular is running in development mode. @ http://localhost:5173/node_modules/.vite/deps/core-rdmkyoDQ.js?v=f487a37b:9028
[ 2019048ms] [ERROR] Failed to load resource: the server responded with a status of 401 (Unauthorized) @ http://localhost:5173/api/auth/me:0
[ 2019073ms] [LOG] Angular hydrated 5 component(s) and 178 node(s), 0 component(s) were skipped. Learn more at https://v21.angular.dev/guide/hydration. @ http://localhost:5173/node_modules/.vite/deps/core-rdmkyoDQ.js?v=f487a37b:9028
[ 2044947ms] [LOG] Angular is running in development mode. @ http://localhost:5173/node_modules/.vite/deps/core-rdmkyoDQ.js?v=f487a37b:9028
[ 2044953ms] [ERROR] Failed to load resource: the server responded with a status of 401 (Unauthorized) @ http://localhost:5173/api/auth/me:0
[ 2044972ms] [LOG] Angular hydrated 5 component(s) and 178 node(s), 0 component(s) were skipped. Learn more at https://v21.angular.dev/guide/hydration. @ http://localhost:5173/node_modules/.vite/deps/core-rdmkyoDQ.js?v=f487a37b:9028
[ 2052319ms] [LOG] Angular is running in development mode. @ http://localhost:5173/node_modules/.vite/deps/core-rdmkyoDQ.js?v=f487a37b:9028
[ 2052332ms] [ERROR] Failed to load resource: the server responded with a status of 401 (Unauthorized) @ http://localhost:5173/api/auth/me:0
[ 2052355ms] [LOG] Angular hydrated 5 component(s) and 178 node(s), 0 component(s) were skipped. Learn more at https://v21.angular.dev/guide/hydration. @ http://localhost:5173/node_modules/.vite/deps/core-rdmkyoDQ.js?v=f487a37b:9028
[ 2060333ms] [LOG] Angular is running in development mode. @ http://localhost:5173/node_modules/.vite/deps/core-rdmkyoDQ.js?v=f487a37b:9028
[ 2060340ms] [ERROR] Failed to load resource: the server responded with a status of 401 (Unauthorized) @ http://localhost:5173/api/auth/me:0
[ 2060355ms] [LOG] Angular hydrated 5 component(s) and 178 node(s), 0 component(s) were skipped. Learn more at https://v21.angular.dev/guide/hydration. @ http://localhost:5173/node_modules/.vite/deps/core-rdmkyoDQ.js?v=f487a37b:9028
[ 2065206ms] [LOG] Angular is running in development mode. @ http://localhost:5173/node_modules/.vite/deps/core-rdmkyoDQ.js?v=f487a37b:9028
[ 2065227ms] [ERROR] Failed to load resource: the server responded with a status of 401 (Unauthorized) @ http://localhost:5173/api/auth/me:0
[ 2065255ms] [LOG] Angular hydrated 5 component(s) and 178 node(s), 0 component(s) were skipped. Learn more at https://v21.angular.dev/guide/hydration. @ http://localhost:5173/node_modules/.vite/deps/core-rdmkyoDQ.js?v=f487a37b:9028
[ 2075363ms] [LOG] Angular is running in development mode. @ http://localhost:5173/node_modules/.vite/deps/core-rdmkyoDQ.js?v=f487a37b:9028
[ 2075374ms] [ERROR] Failed to load resource: the server responded with a status of 401 (Unauthorized) @ http://localhost:5173/api/auth/me:0
[ 2075388ms] [LOG] Angular hydrated 5 component(s) and 178 node(s), 0 component(s) were skipped. Learn more at https://v21.angular.dev/guide/hydration. @ http://localhost:5173/node_modules/.vite/deps/core-rdmkyoDQ.js?v=f487a37b:9028
[ 2085355ms] [LOG] Angular is running in development mode. @ http://localhost:5173/node_modules/.vite/deps/core-rdmkyoDQ.js?v=f487a37b:9028
[ 2085363ms] [ERROR] Failed to load resource: the server responded with a status of 401 (Unauthorized) @ http://localhost:5173/api/auth/me:0
[ 2085388ms] [LOG] Angular hydrated 5 component(s) and 178 node(s), 0 component(s) were skipped. Learn more at https://v21.angular.dev/guide/hydration. @ http://localhost:5173/node_modules/.vite/deps/core-rdmkyoDQ.js?v=f487a37b:9028
[ 2091041ms] [LOG] Angular is running in development mode. @ http://localhost:5173/node_modules/.vite/deps/core-rdmkyoDQ.js?v=f487a37b:9028
[ 2091051ms] [ERROR] Failed to load resource: the server responded with a status of 401 (Unauthorized) @ http://localhost:5173/api/auth/me:0
[ 2091070ms] [LOG] Angular hydrated 5 component(s) and 178 node(s), 0 component(s) were skipped. Learn more at https://v21.angular.dev/guide/hydration. @ http://localhost:5173/node_modules/.vite/deps/core-rdmkyoDQ.js?v=f487a37b:9028
[ 2110159ms] [LOG] Angular is running in development mode. @ http://localhost:5173/node_modules/.vite/deps/core-rdmkyoDQ.js?v=f487a37b:9028
[ 2110164ms] [ERROR] Failed to load resource: the server responded with a status of 401 (Unauthorized) @ http://localhost:5173/api/auth/me:0
[ 2110186ms] [LOG] Angular hydrated 5 component(s) and 178 node(s), 0 component(s) were skipped. Learn more at https://v21.angular.dev/guide/hydration. @ http://localhost:5173/node_modules/.vite/deps/core-rdmkyoDQ.js?v=f487a37b:9028
[ 2114186ms] [LOG] Angular is running in development mode. @ http://localhost:5173/node_modules/.vite/deps/core-rdmkyoDQ.js?v=f487a37b:9028
[ 2114199ms] [ERROR] Failed to load resource: the server responded with a status of 401 (Unauthorized) @ http://localhost:5173/api/auth/me:0
[ 2114219ms] [LOG] Angular hydrated 5 component(s) and 178 node(s), 0 component(s) were skipped. Learn more at https://v21.angular.dev/guide/hydration. @ http://localhost:5173/node_modules/.vite/deps/core-rdmkyoDQ.js?v=f487a37b:9028
[ 2119114ms] [LOG] Angular is running in development mode. @ http://localhost:5173/node_modules/.vite/deps/core-rdmkyoDQ.js?v=f487a37b:9028
[ 2119124ms] [ERROR] Failed to load resource: the server responded with a status of 401 (Unauthorized) @ http://localhost:5173/api/auth/me:0
[ 2119152ms] [LOG] Angular hydrated 5 component(s) and 178 node(s), 0 component(s) were skipped. Learn more at https://v21.angular.dev/guide/hydration. @ http://localhost:5173/node_modules/.vite/deps/core-rdmkyoDQ.js?v=f487a37b:9028
[ 2139529ms] [LOG] Angular is running in development mode. @ http://localhost:5173/node_modules/.vite/deps/core-rdmkyoDQ.js?v=f487a37b:9028
[ 2139538ms] [ERROR] Failed to load resource: the server responded with a status of 401 (Unauthorized) @ http://localhost:5173/api/auth/me:0
[ 2139567ms] [LOG] Angular hydrated 5 component(s) and 178 node(s), 0 component(s) were skipped. Learn more at https://v21.angular.dev/guide/hydration. @ http://localhost:5173/node_modules/.vite/deps/core-rdmkyoDQ.js?v=f487a37b:9028
[ 2148971ms] [LOG] Angular is running in development mode. @ http://localhost:5173/node_modules/.vite/deps/core-rdmkyoDQ.js?v=f487a37b:9028
[ 2149003ms] [ERROR] Failed to load resource: the server responded with a status of 401 (Unauthorized) @ http://localhost:5173/api/auth/me:0
[ 2149034ms] [LOG] Angular hydrated 5 component(s) and 178 node(s), 0 component(s) were skipped. Learn more at https://v21.angular.dev/guide/hydration. @ http://localhost:5173/node_modules/.vite/deps/core-rdmkyoDQ.js?v=f487a37b:9028
[ 2154439ms] [LOG] Angular is running in development mode. @ http://localhost:5173/node_modules/.vite/deps/core-rdmkyoDQ.js?v=f487a37b:9028
[ 2154451ms] [ERROR] Failed to load resource: the server responded with a status of 401 (Unauthorized) @ http://localhost:5173/api/auth/me:0
[ 2154483ms] [LOG] Angular hydrated 5 component(s) and 178 node(s), 0 component(s) were skipped. Learn more at https://v21.angular.dev/guide/hydration. @ http://localhost:5173/node_modules/.vite/deps/core-rdmkyoDQ.js?v=f487a37b:9028
[ 2163026ms] [LOG] [vite] server connection lost. Polling for restart... @ http://localhost:5173/@vite/client:1002
[ 2169900ms] [LOG] Angular is running in development mode. @ http://localhost:5173/node_modules/.vite/deps/core-rdmkyoDQ.js?v=f487a37b:9028
[ 2169969ms] [ERROR] Failed to load resource: the server responded with a status of 401 (Unauthorized) @ http://localhost:5173/api/auth/me:0
[ 2170022ms] [LOG] Angular is running in development mode. @ http://localhost:5173/node_modules/.vite/deps/core-rdmkyoDQ.js?v=f487a37b:9028
[ 2170054ms] [ERROR] Failed to load resource: the server responded with a status of 401 (Unauthorized) @ http://localhost:5173/api/auth/me:0
[ 2170100ms] [LOG] Angular hydrated 5 component(s) and 178 node(s), 0 component(s) were skipped. Learn more at https://v21.angular.dev/guide/hydration. @ http://localhost:5173/node_modules/.vite/deps/core-rdmkyoDQ.js?v=f487a37b:9028
[ 2546190ms] [LOG] Angular is running in development mode. @ http://localhost:5173/node_modules/.vite/deps/core-rdmkyoDQ.js?v=f487a37b:9028
[ 2546206ms] [ERROR] Failed to load resource: the server responded with a status of 401 (Unauthorized) @ http://localhost:5173/api/auth/me:0
[ 2546238ms] [LOG] Angular hydrated 5 component(s) and 178 node(s), 0 component(s) were skipped. Learn more at https://v21.angular.dev/guide/hydration. @ http://localhost:5173/node_modules/.vite/deps/core-rdmkyoDQ.js?v=f487a37b:9028
[ 2559658ms] [LOG] Angular is running in development mode. @ http://localhost:5173/node_modules/.vite/deps/core-rdmkyoDQ.js?v=f487a37b:9028
[ 2559717ms] [ERROR] Failed to load resource: the server responded with a status of 401 (Unauthorized) @ http://localhost:5173/api/auth/me:0
[ 2559756ms] [LOG] Angular hydrated 5 component(s) and 178 node(s), 0 component(s) were skipped. Learn more at https://v21.angular.dev/guide/hydration. @ http://localhost:5173/node_modules/.vite/deps/core-rdmkyoDQ.js?v=f487a37b:9028
[ 2564758ms] [LOG] Angular is running in development mode. @ http://localhost:5173/node_modules/.vite/deps/core-rdmkyoDQ.js?v=f487a37b:9028
[ 2564778ms] [ERROR] Failed to load resource: the server responded with a status of 401 (Unauthorized) @ http://localhost:5173/api/auth/me:0
[ 2564805ms] [LOG] Angular hydrated 5 component(s) and 178 node(s), 0 component(s) were skipped. Learn more at https://v21.angular.dev/guide/hydration. @ http://localhost:5173/node_modules/.vite/deps/core-rdmkyoDQ.js?v=f487a37b:9028
[ 2572497ms] [LOG] Angular is running in development mode. @ http://localhost:5173/node_modules/.vite/deps/core-rdmkyoDQ.js?v=f487a37b:9028
[ 2572508ms] [ERROR] Failed to load resource: the server responded with a status of 401 (Unauthorized) @ http://localhost:5173/api/auth/me:0
[ 2572520ms] [LOG] Angular hydrated 5 component(s) and 178 node(s), 0 component(s) were skipped. Learn more at https://v21.angular.dev/guide/hydration. @ http://localhost:5173/node_modules/.vite/deps/core-rdmkyoDQ.js?v=f487a37b:9028
[ 2577559ms] [LOG] Angular is running in development mode. @ http://localhost:5173/node_modules/.vite/deps/core-rdmkyoDQ.js?v=f487a37b:9028
[ 2577572ms] [ERROR] Failed to load resource: the server responded with a status of 401 (Unauthorized) @ http://localhost:5173/api/auth/me:0
[ 2577603ms] [LOG] Angular hydrated 5 component(s) and 178 node(s), 0 component(s) were skipped. Learn more at https://v21.angular.dev/guide/hydration. @ http://localhost:5173/node_modules/.vite/deps/core-rdmkyoDQ.js?v=f487a37b:9028
[ 2586601ms] [LOG] Angular is running in development mode. @ http://localhost:5173/node_modules/.vite/deps/core-rdmkyoDQ.js?v=f487a37b:9028
[ 2586621ms] [ERROR] Failed to load resource: the server responded with a status of 401 (Unauthorized) @ http://localhost:5173/api/auth/me:0
[ 2586640ms] [LOG] Angular hydrated 5 component(s) and 178 node(s), 0 component(s) were skipped. Learn more at https://v21.angular.dev/guide/hydration. @ http://localhost:5173/node_modules/.vite/deps/core-rdmkyoDQ.js?v=f487a37b:9028
[ 2594863ms] [LOG] Angular is running in development mode. @ http://localhost:5173/node_modules/.vite/deps/core-rdmkyoDQ.js?v=f487a37b:9028
[ 2594874ms] [ERROR] Failed to load resource: the server responded with a status of 401 (Unauthorized) @ http://localhost:5173/api/auth/me:0
[ 2594904ms] [LOG] Angular hydrated 5 component(s) and 178 node(s), 0 component(s) were skipped. Learn more at https://v21.angular.dev/guide/hydration. @ http://localhost:5173/node_modules/.vite/deps/core-rdmkyoDQ.js?v=f487a37b:9028
[ 2597950ms] [LOG] Angular is running in development mode. @ http://localhost:5173/node_modules/.vite/deps/core-rdmkyoDQ.js?v=f487a37b:9028
[ 2597971ms] [ERROR] Failed to load resource: the server responded with a status of 401 (Unauthorized) @ http://localhost:5173/api/auth/me:0
[ 2598006ms] [LOG] Angular hydrated 5 component(s) and 178 node(s), 0 component(s) were skipped. Learn more at https://v21.angular.dev/guide/hydration. @ http://localhost:5173/node_modules/.vite/deps/core-rdmkyoDQ.js?v=f487a37b:9028
[ 2609312ms] [LOG] Angular is running in development mode. @ http://localhost:5173/node_modules/.vite/deps/core-rdmkyoDQ.js?v=f487a37b:9028
[ 2609328ms] [ERROR] Failed to load resource: the server responded with a status of 401 (Unauthorized) @ http://localhost:5173/api/auth/me:0
[ 2609352ms] [LOG] Angular hydrated 5 component(s) and 178 node(s), 0 component(s) were skipped. Learn more at https://v21.angular.dev/guide/hydration. @ http://localhost:5173/node_modules/.vite/deps/core-rdmkyoDQ.js?v=f487a37b:9028
[ 2617086ms] [LOG] Angular is running in development mode. @ http://localhost:5173/node_modules/.vite/deps/core-rdmkyoDQ.js?v=f487a37b:9028
[ 2617096ms] [ERROR] Failed to load resource: the server responded with a status of 401 (Unauthorized) @ http://localhost:5173/api/auth/me:0
[ 2617118ms] [LOG] Angular hydrated 5 component(s) and 178 node(s), 0 component(s) were skipped. Learn more at https://v21.angular.dev/guide/hydration. @ http://localhost:5173/node_modules/.vite/deps/core-rdmkyoDQ.js?v=f487a37b:9028
[ 2622349ms] [LOG] Angular is running in development mode. @ http://localhost:5173/node_modules/.vite/deps/core-rdmkyoDQ.js?v=f487a37b:9028
[ 2622355ms] [ERROR] Failed to load resource: the server responded with a status of 401 (Unauthorized) @ http://localhost:5173/api/auth/me:0
[ 2622386ms] [LOG] Angular hydrated 5 component(s) and 178 node(s), 0 component(s) were skipped. Learn more at https://v21.angular.dev/guide/hydration. @ http://localhost:5173/node_modules/.vite/deps/core-rdmkyoDQ.js?v=f487a37b:9028
[ 2626680ms] [LOG] Angular is running in development mode. @ http://localhost:5173/node_modules/.vite/deps/core-rdmkyoDQ.js?v=f487a37b:9028
[ 2626687ms] [ERROR] Failed to load resource: the server responded with a status of 401 (Unauthorized) @ http://localhost:5173/api/auth/me:0
[ 2626719ms] [LOG] Angular hydrated 5 component(s) and 178 node(s), 0 component(s) were skipped. Learn more at https://v21.angular.dev/guide/hydration. @ http://localhost:5173/node_modules/.vite/deps/core-rdmkyoDQ.js?v=f487a37b:9028
[ 2740575ms] [LOG] Angular is running in development mode. @ http://localhost:5173/node_modules/.vite/deps/core-rdmkyoDQ.js?v=f487a37b:9028
[ 2740593ms] [ERROR] Failed to load resource: the server responded with a status of 401 (Unauthorized) @ http://localhost:5173/api/auth/me:0
[ 2740625ms] [LOG] Angular hydrated 5 component(s) and 178 node(s), 0 component(s) were skipped. Learn more at https://v21.angular.dev/guide/hydration. @ http://localhost:5173/node_modules/.vite/deps/core-rdmkyoDQ.js?v=f487a37b:9028
[ 2765916ms] [LOG] Angular is running in development mode. @ http://localhost:5173/node_modules/.vite/deps/core-rdmkyoDQ.js?v=f487a37b:9028
[ 2765939ms] [ERROR] Failed to load resource: the server responded with a status of 401 (Unauthorized) @ http://localhost:5173/api/auth/me:0
[ 2765969ms] [LOG] Angular hydrated 5 component(s) and 178 node(s), 0 component(s) were skipped. Learn more at https://v21.angular.dev/guide/hydration. @ http://localhost:5173/node_modules/.vite/deps/core-rdmkyoDQ.js?v=f487a37b:9028
[ 2775787ms] [LOG] Angular is running in development mode. @ http://localhost:5173/node_modules/.vite/deps/core-rdmkyoDQ.js?v=f487a37b:9028
[ 2775792ms] [ERROR] Failed to load resource: the server responded with a status of 401 (Unauthorized) @ http://localhost:5173/api/auth/me:0
[ 2775820ms] [LOG] Angular hydrated 5 component(s) and 178 node(s), 0 component(s) were skipped. Learn more at https://v21.angular.dev/guide/hydration. @ http://localhost:5173/node_modules/.vite/deps/core-rdmkyoDQ.js?v=f487a37b:9028
[ 2781731ms] [LOG] Angular is running in development mode. @ http://localhost:5173/node_modules/.vite/deps/core-rdmkyoDQ.js?v=f487a37b:9028
[ 2781739ms] [ERROR] Failed to load resource: the server responded with a status of 401 (Unauthorized) @ http://localhost:5173/api/auth/me:0
[ 2781768ms] [LOG] Angular hydrated 5 component(s) and 178 node(s), 0 component(s) were skipped. Learn more at https://v21.angular.dev/guide/hydration. @ http://localhost:5173/node_modules/.vite/deps/core-rdmkyoDQ.js?v=f487a37b:9028
[ 2787045ms] [LOG] Angular is running in development mode. @ http://localhost:5173/node_modules/.vite/deps/core-rdmkyoDQ.js?v=f487a37b:9028
[ 2787051ms] [ERROR] Failed to load resource: the server responded with a status of 401 (Unauthorized) @ http://localhost:5173/api/auth/me:0
[ 2787085ms] [LOG] Angular hydrated 5 component(s) and 178 node(s), 0 component(s) were skipped. Learn more at https://v21.angular.dev/guide/hydration. @ http://localhost:5173/node_modules/.vite/deps/core-rdmkyoDQ.js?v=f487a37b:9028
[ 2792266ms] [LOG] Angular is running in development mode. @ http://localhost:5173/node_modules/.vite/deps/core-rdmkyoDQ.js?v=f487a37b:9028
[ 2792277ms] [ERROR] Failed to load resource: the server responded with a status of 401 (Unauthorized) @ http://localhost:5173/api/auth/me:0
[ 2792317ms] [LOG] Angular hydrated 5 component(s) and 178 node(s), 0 component(s) were skipped. Learn more at https://v21.angular.dev/guide/hydration. @ http://localhost:5173/node_modules/.vite/deps/core-rdmkyoDQ.js?v=f487a37b:9028
[ 2801805ms] [LOG] Angular is running in development mode. @ http://localhost:5173/node_modules/.vite/deps/core-rdmkyoDQ.js?v=f487a37b:9028
[ 2801830ms] [ERROR] Failed to load resource: the server responded with a status of 401 (Unauthorized) @ http://localhost:5173/api/auth/me:0
[ 2801850ms] [LOG] Angular hydrated 5 component(s) and 178 node(s), 0 component(s) were skipped. Learn more at https://v21.angular.dev/guide/hydration. @ http://localhost:5173/node_modules/.vite/deps/core-rdmkyoDQ.js?v=f487a37b:9028
[ 2807033ms] [LOG] Angular is running in development mode. @ http://localhost:5173/node_modules/.vite/deps/core-rdmkyoDQ.js?v=f487a37b:9028
[ 2807041ms] [ERROR] Failed to load resource: the server responded with a status of 401 (Unauthorized) @ http://localhost:5173/api/auth/me:0
[ 2807068ms] [LOG] Angular hydrated 5 component(s) and 178 node(s), 0 component(s) were skipped. Learn more at https://v21.angular.dev/guide/hydration. @ http://localhost:5173/node_modules/.vite/deps/core-rdmkyoDQ.js?v=f487a37b:9028
[ 3013621ms] [LOG] Angular is running in development mode. @ http://localhost:5173/node_modules/.vite/deps/core-rdmkyoDQ.js?v=f487a37b:9028
[ 3013642ms] [ERROR] Failed to load resource: the server responded with a status of 401 (Unauthorized) @ http://localhost:5173/api/auth/me:0
[ 3013675ms] [LOG] Angular hydrated 5 component(s) and 178 node(s), 0 component(s) were skipped. Learn more at https://v21.angular.dev/guide/hydration. @ http://localhost:5173/node_modules/.vite/deps/core-rdmkyoDQ.js?v=f487a37b:9028
[ 3027064ms] [LOG] Angular is running in development mode. @ http://localhost:5173/node_modules/.vite/deps/core-rdmkyoDQ.js?v=f487a37b:9028
[ 3027119ms] [ERROR] Failed to load resource: the server responded with a status of 401 (Unauthorized) @ http://localhost:5173/api/auth/me:0
[ 3027160ms] [LOG] Angular hydrated 5 component(s) and 178 node(s), 0 component(s) were skipped. Learn more at https://v21.angular.dev/guide/hydration. @ http://localhost:5173/node_modules/.vite/deps/core-rdmkyoDQ.js?v=f487a37b:9028
[ 3035195ms] [LOG] Angular is running in development mode. @ http://localhost:5173/node_modules/.vite/deps/core-rdmkyoDQ.js?v=f487a37b:9028
[ 3035221ms] [ERROR] Failed to load resource: the server responded with a status of 401 (Unauthorized) @ http://localhost:5173/api/auth/me:0
[ 3035256ms] [LOG] Angular hydrated 5 component(s) and 178 node(s), 0 component(s) were skipped. Learn more at https://v21.angular.dev/guide/hydration. @ http://localhost:5173/node_modules/.vite/deps/core-rdmkyoDQ.js?v=f487a37b:9028
[ 3043279ms] [LOG] Angular is running in development mode. @ http://localhost:5173/node_modules/.vite/deps/core-rdmkyoDQ.js?v=f487a37b:9028
[ 3043285ms] [ERROR] Failed to load resource: the server responded with a status of 401 (Unauthorized) @ http://localhost:5173/api/auth/me:0
[ 3043322ms] [LOG] Angular hydrated 5 component(s) and 178 node(s), 0 component(s) were skipped. Learn more at https://v21.angular.dev/guide/hydration. @ http://localhost:5173/node_modules/.vite/deps/core-rdmkyoDQ.js?v=f487a37b:9028
[ 3058920ms] [LOG] Angular is running in development mode. @ http://localhost:5173/node_modules/.vite/deps/core-rdmkyoDQ.js?v=f487a37b:9028
[ 3058950ms] [ERROR] Failed to load resource: the server responded with a status of 401 (Unauthorized) @ http://localhost:5173/api/auth/me:0
[ 3059004ms] [LOG] Angular hydrated 5 component(s) and 178 node(s), 0 component(s) were skipped. Learn more at https://v21.angular.dev/guide/hydration. @ http://localhost:5173/node_modules/.vite/deps/core-rdmkyoDQ.js?v=f487a37b:9028
[ 3148042ms] [LOG] Angular is running in development mode. @ http://localhost:5173/node_modules/.vite/deps/core-rdmkyoDQ.js?v=f487a37b:9028
[ 3148071ms] [ERROR] Failed to load resource: the server responded with a status of 401 (Unauthorized) @ http://localhost:5173/api/auth/me:0
[ 3148117ms] [LOG] Angular hydrated 5 component(s) and 178 node(s), 0 component(s) were skipped. Learn more at https://v21.angular.dev/guide/hydration. @ http://localhost:5173/node_modules/.vite/deps/core-rdmkyoDQ.js?v=f487a37b:9028
[ 3175540ms] [LOG] Angular is running in development mode. @ http://localhost:5173/node_modules/.vite/deps/core-rdmkyoDQ.js?v=f487a37b:9028
[ 3175574ms] [ERROR] Failed to load resource: the server responded with a status of 401 (Unauthorized) @ http://localhost:5173/api/auth/me:0
[ 3175620ms] [LOG] Angular hydrated 5 component(s) and 178 node(s), 0 component(s) were skipped. Learn more at https://v21.angular.dev/guide/hydration. @ http://localhost:5173/node_modules/.vite/deps/core-rdmkyoDQ.js?v=f487a37b:9028
[ 3202691ms] [LOG] Angular is running in development mode. @ http://localhost:5173/node_modules/.vite/deps/core-rdmkyoDQ.js?v=f487a37b:9028
[ 3202724ms] [ERROR] Failed to load resource: the server responded with a status of 401 (Unauthorized) @ http://localhost:5173/api/auth/me:0
[ 3202764ms] [LOG] Angular hydrated 5 component(s) and 178 node(s), 0 component(s) were skipped. Learn more at https://v21.angular.dev/guide/hydration. @ http://localhost:5173/node_modules/.vite/deps/core-rdmkyoDQ.js?v=f487a37b:9028
[ 3222738ms] [LOG] Angular is running in development mode. @ http://localhost:5173/node_modules/.vite/deps/core-rdmkyoDQ.js?v=f487a37b:9028
[ 3222773ms] [ERROR] Failed to load resource: the server responded with a status of 401 (Unauthorized) @ http://localhost:5173/api/auth/me:0
[ 3222798ms] [LOG] Angular hydrated 5 component(s) and 178 node(s), 0 component(s) were skipped. Learn more at https://v21.angular.dev/guide/hydration. @ http://localhost:5173/node_modules/.vite/deps/core-rdmkyoDQ.js?v=f487a37b:9028
[ 3294972ms] [LOG] Angular is running in development mode. @ http://localhost:5173/node_modules/.vite/deps/core-rdmkyoDQ.js?v=f487a37b:9028
[ 3294987ms] [ERROR] Failed to load resource: the server responded with a status of 401 (Unauthorized) @ http://localhost:5173/api/auth/me:0
[ 3295012ms] [LOG] Angular hydrated 5 component(s) and 178 node(s), 0 component(s) were skipped. Learn more at https://v21.angular.dev/guide/hydration. @ http://localhost:5173/node_modules/.vite/deps/core-rdmkyoDQ.js?v=f487a37b:9028
[ 3321152ms] [LOG] Angular is running in development mode. @ http://localhost:5173/node_modules/.vite/deps/core-rdmkyoDQ.js?v=f487a37b:9028
[ 3321164ms] [ERROR] Failed to load resource: the server responded with a status of 401 (Unauthorized) @ http://localhost:5173/api/auth/me:0
[ 3321190ms] [LOG] Angular hydrated 5 component(s) and 178 node(s), 0 component(s) were skipped. Learn more at https://v21.angular.dev/guide/hydration. @ http://localhost:5173/node_modules/.vite/deps/core-rdmkyoDQ.js?v=f487a37b:9028
[ 3357487ms] [LOG] Angular is running in development mode. @ http://localhost:5173/node_modules/.vite/deps/core-rdmkyoDQ.js?v=f487a37b:9028
[ 3357495ms] [ERROR] Failed to load resource: the server responded with a status of 401 (Unauthorized) @ http://localhost:5173/api/auth/me:0
[ 3357522ms] [LOG] Angular hydrated 5 component(s) and 178 node(s), 0 component(s) were skipped. Learn more at https://v21.angular.dev/guide/hydration. @ http://localhost:5173/node_modules/.vite/deps/core-rdmkyoDQ.js?v=f487a37b:9028
[ 3422248ms] [LOG] Angular is running in development mode. @ http://localhost:5173/node_modules/.vite/deps/core-rdmkyoDQ.js?v=f487a37b:9028
[ 3422265ms] [ERROR] Failed to load resource: the server responded with a status of 401 (Unauthorized) @ http://localhost:5173/api/auth/me:0
[ 3422303ms] [LOG] Angular hydrated 5 component(s) and 178 node(s), 0 component(s) were skipped. Learn more at https://v21.angular.dev/guide/hydration. @ http://localhost:5173/node_modules/.vite/deps/core-rdmkyoDQ.js?v=f487a37b:9028
[ 3445730ms] [LOG] Angular is running in development mode. @ http://localhost:5173/node_modules/.vite/deps/core-rdmkyoDQ.js?v=f487a37b:9028
[ 3445772ms] [ERROR] Failed to load resource: the server responded with a status of 401 (Unauthorized) @ http://localhost:5173/api/auth/me:0
[ 3445803ms] [LOG] Angular hydrated 5 component(s) and 178 node(s), 0 component(s) were skipped. Learn more at https://v21.angular.dev/guide/hydration. @ http://localhost:5173/node_modules/.vite/deps/core-rdmkyoDQ.js?v=f487a37b:9028
[ 3445730ms] [LOG] Angular is running in development mode. @ http://localhost:5173/node_modules/.vite/deps/core-rdmkyoDQ.js?v=f487a37b:9028
[ 3445803ms] [LOG] Angular hydrated 5 component(s) and 178 node(s), 0 component(s) were skipped. Learn more at https://v21.angular.dev/guide/hydration. @ http://localhost:5173/node_modules/.vite/deps/core-rdmkyoDQ.js?v=f487a37b:9028
[ 3445772ms] [ERROR] Failed to load resource: the server responded with a status of 401 (Unauthorized) @ http://localhost:5173/api/auth/me:0
[ 3458486ms] [LOG] Angular is running in development mode. @ http://localhost:5173/node_modules/.vite/deps/core-rdmkyoDQ.js?v=f487a37b:9028
[ 3458536ms] [ERROR] Failed to load resource: the server responded with a status of 401 (Unauthorized) @ http://localhost:5173/api/auth/me:0
[ 3458567ms] [LOG] Angular hydrated 5 component(s) and 178 node(s), 0 component(s) were skipped. Learn more at https://v21.angular.dev/guide/hydration. @ http://localhost:5173/node_modules/.vite/deps/core-rdmkyoDQ.js?v=f487a37b:9028
[ 3464025ms] [LOG] Angular is running in development mode. @ http://localhost:5173/node_modules/.vite/deps/core-rdmkyoDQ.js?v=f487a37b:9028
[ 3464038ms] [ERROR] Failed to load resource: the server responded with a status of 401 (Unauthorized) @ http://localhost:5173/api/auth/me:0
[ 3464070ms] [LOG] Angular hydrated 5 component(s) and 178 node(s), 0 component(s) were skipped. Learn more at https://v21.angular.dev/guide/hydration. @ http://localhost:5173/node_modules/.vite/deps/core-rdmkyoDQ.js?v=f487a37b:9028
[ 4177346ms] [LOG] Angular is running in development mode. @ http://localhost:5173/node_modules/.vite/deps/core-rdmkyoDQ.js?v=f487a37b:9028
[ 4177365ms] [ERROR] Failed to load resource: the server responded with a status of 401 (Unauthorized) @ http://localhost:5173/api/auth/me:0
[ 4177385ms] [LOG] Angular hydrated 5 component(s) and 178 node(s), 0 component(s) were skipped. Learn more at https://v21.angular.dev/guide/hydration. @ http://localhost:5173/node_modules/.vite/deps/core-rdmkyoDQ.js?v=f487a37b:9028
[ 4179216ms] [LOG] Angular is running in development mode. @ http://localhost:5173/node_modules/.vite/deps/core-rdmkyoDQ.js?v=f487a37b:9028
[ 4179224ms] [ERROR] Failed to load resource: the server responded with a status of 401 (Unauthorized) @ http://localhost:5173/api/auth/me:0
[ 4179253ms] [LOG] Angular hydrated 5 component(s) and 178 node(s), 0 component(s) were skipped. Learn more at https://v21.angular.dev/guide/hydration. @ http://localhost:5173/node_modules/.vite/deps/core-rdmkyoDQ.js?v=f487a37b:9028
[ 4189302ms] [LOG] Angular is running in development mode. @ http://localhost:5173/node_modules/.vite/deps/core-rdmkyoDQ.js?v=f487a37b:9028
[ 4189317ms] [ERROR] Failed to load resource: the server responded with a status of 401 (Unauthorized) @ http://localhost:5173/api/auth/me:0
[ 4189343ms] [ERROR] Failed to load resource: the server responded with a status of 500 (Internal Server Error) @ http://localhost:5173/src/app/i18n/it.ts?t=1788111296801:0
[ 4189343ms] [ERROR] ERROR TypeError: Failed to fetch dynamically imported module: http://localhost:5173/src/app/features/auth/login.ts?t=1788111296801 @ http://localhost:5173/node_modules/.vite/deps/_resource-chunk-DDMsXBIB.js?v=f487a37b:2607
[ 4189344ms] [LOG] Angular hydrated 1 component(s) and 3 node(s), 0 component(s) were skipped. Learn more at https://v21.angular.dev/guide/hydration. @ http://localhost:5173/node_modules/.vite/deps/core-rdmkyoDQ.js?v=f487a37b:9028
[ 4189731ms] [LOG] [vite] server connection lost. Polling for restart... @ http://localhost:5173/@vite/client:1002
