0 verbose cli /Users/tacosalfornoh/.nvm/versions/node/v22.23.1/bin/node /Users/tacosalfornoh/.nvm/versions/node/v22.23.1/lib/node_modules/npm/bin/npm-cli.js
1 info using npm@10.9.8
2 info using node@v22.23.1
3 silly config load:file:/Users/tacosalfornoh/.nvm/versions/node/v22.23.1/lib/node_modules/npm/npmrc
4 silly config load:file:/Users/tacosalfornoh/Coding/Rust/weaklings/Weaklings-Manager/.npmrc
5 silly config load:file:/Users/tacosalfornoh/.npmrc
6 silly config load:file:/Users/tacosalfornoh/.nvm/versions/node/v22.23.1/etc/npmrc
7 verbose title npm exec modern-web-guidance@latest search Angular form input for editable percentage fee value with decimal comma and default
8 verbose argv "exec" "--yes" "--" "modern-web-guidance@latest" "search" "Angular form input for editable percentage fee value with decimal comma and default"
9 verbose logfile logs-max:10 dir:/Users/tacosalfornoh/Coding/Rust/weaklings/Weaklings-Manager/.npm-cache/_logs/2026-08-31T19_27_50_120Z-
10 verbose logfile /Users/tacosalfornoh/Coding/Rust/weaklings/Weaklings-Manager/.npm-cache/_logs/2026-08-31T19_27_50_120Z-debug-0.log
11 silly logfile done cleaning log files
12 silly packumentCache heap:4345298944 maxSize:1086324736 maxEntrySize:543162368
13 http fetch GET 200 https://registry.npmjs.org/modern-web-guidance 96ms (cache miss)
14 silly packumentCache heap:4345298944 maxSize:1086324736 maxEntrySize:543162368
15 http fetch GET 200 https://registry.npmjs.org/npm 203ms
16 silly packumentCache heap:4345298944 maxSize:1086324736 maxEntrySize:543162368
17 silly idealTree buildDeps
18 silly fetch manifest modern-web-guidance@0.0.185
19 silly packumentCache full:https://registry.npmjs.org/modern-web-guidance cache-miss
20 http fetch GET 200 https://registry.npmjs.org/modern-web-guidance 237ms (cache miss)
21 silly packumentCache full:https://registry.npmjs.org/modern-web-guidance set size:undefined disposed:false
22 silly placeDep ROOT modern-web-guidance@0.0.185 OK for:  want: 0.0.185
23 silly reify moves {}
24 silly audit bulk request { 'modern-web-guidance': [ '0.0.185' ] }
25 http cache modern-web-guidance@https://registry.npmjs.org/modern-web-guidance/-/modern-web-guidance-0.0.185.tgz 0ms (cache hit)
26 silly tarball no local data for modern-web-guidance@https://registry.npmjs.org/modern-web-guidance/-/modern-web-guidance-0.0.185.tgz. Extracting by manifest.
27 http fetch POST 200 https://registry.npmjs.org/-/npm/v1/security/advisories/bulk 240ms
28 silly audit report {}
29 http fetch GET 200 https://registry.npmjs.org/modern-web-guidance/-/modern-web-guidance-0.0.185.tgz 4085ms (cache miss)
30 verbose cwd /Users/tacosalfornoh/Coding/Rust/weaklings/Weaklings-Manager
31 verbose os Darwin 25.6.0
32 verbose node v22.23.1
33 verbose npm  v10.9.8
34 notice
34 notice New [31mmajor[39m version of npm available! [31m10.9.8[39m -> [34m12.0.2[39m
34 notice Changelog: [34mhttps://github.com/npm/cli/releases/tag/v12.0.2[39m
34 notice To update run: [4mnpm install -g npm@12.0.2[24m
34 notice  { force: true, [Symbol(proc-log.meta)]: true }
35 verbose exit 0
36 info ok
