0 verbose cli /Users/tacosalfornoh/.nvm/versions/node/v22.23.1/bin/node /Users/tacosalfornoh/.nvm/versions/node/v22.23.1/lib/node_modules/npm/bin/npm-cli.js
1 info using npm@10.9.8
2 info using node@v22.23.1
3 silly config load:file:/Users/tacosalfornoh/.nvm/versions/node/v22.23.1/lib/node_modules/npm/npmrc
4 silly config load:file:/Users/tacosalfornoh/Coding/Rust/weaklings/Weaklings-Manager/.npmrc
5 silly config load:file:/Users/tacosalfornoh/.npmrc
6 silly config load:file:/Users/tacosalfornoh/.nvm/versions/node/v22.23.1/etc/npmrc
7 verbose title npm exec modern-web-guidance@latest retrieve format-human-readable-durations
8 verbose argv "exec" "--cache" ".npm-cache" "--yes" "--" "modern-web-guidance@latest" "retrieve" "format-human-readable-durations"
9 verbose logfile logs-max:10 dir:/Users/tacosalfornoh/Coding/Rust/weaklings/Weaklings-Manager/.npm-cache/_logs/2026-09-02T18_16_57_501Z-
10 verbose logfile /Users/tacosalfornoh/Coding/Rust/weaklings/Weaklings-Manager/.npm-cache/_logs/2026-09-02T18_16_57_501Z-debug-0.log
11 silly logfile start cleaning logs, removing 1 files
12 silly packumentCache heap:4345298944 maxSize:1086324736 maxEntrySize:543162368
13 silly logfile done cleaning log files
14 http fetch GET 200 https://registry.npmjs.org/modern-web-guidance 157ms (cache revalidated)
15 silly packumentCache heap:4345298944 maxSize:1086324736 maxEntrySize:543162368
16 silly packumentCache heap:4345298944 maxSize:1086324736 maxEntrySize:543162368
17 verbose cwd /Users/tacosalfornoh/Coding/Rust/weaklings/Weaklings-Manager
18 verbose os Darwin 25.6.0
19 verbose node v22.23.1
20 verbose npm  v10.9.8
21 verbose exit 0
22 info ok
