0 verbose cli /Users/tacosalfornoh/.nvm/versions/node/v22.23.1/bin/node /Users/tacosalfornoh/.nvm/versions/node/v22.23.1/lib/node_modules/npm/bin/npm-cli.js
1 info using npm@10.9.8
2 info using node@v22.23.1
3 silly config load:file:/Users/tacosalfornoh/.nvm/versions/node/v22.23.1/lib/node_modules/npm/npmrc
4 silly config load:file:/Users/tacosalfornoh/Coding/Rust/weaklings/Weaklings-Manager/apps/frontend/.npmrc
5 silly config load:file:/Users/tacosalfornoh/.npmrc
6 silly config load:file:/Users/tacosalfornoh/.nvm/versions/node/v22.23.1/etc/npmrc
7 verbose title npm exec modern-web-guidance@latest search standardize responsive application dashboard layouts forms tables navigation and focus states
8 verbose argv "exec" "--yes" "--" "modern-web-guidance@latest" "search" "standardize responsive application dashboard layouts forms tables navigation and focus states"
9 verbose logfile logs-max:10 dir:/Users/tacosalfornoh/Coding/Rust/weaklings/Weaklings-Manager/apps/frontend/.npm-cache/_logs/2026-08-31T01_26_50_415Z-
10 verbose logfile /Users/tacosalfornoh/Coding/Rust/weaklings/Weaklings-Manager/apps/frontend/.npm-cache/_logs/2026-08-31T01_26_50_415Z-debug-0.log
11 silly logfile done cleaning log files
12 silly packumentCache heap:4345298944 maxSize:1086324736 maxEntrySize:543162368
13 verbose shrinkwrap failed to load node_modules/.package-lock.json out of date, updated: node_modules
14 http fetch GET 200 https://registry.npmjs.org/npm 215ms
15 http fetch GET 200 https://registry.npmjs.org/modern-web-guidance 30ms (cache miss)
16 silly packumentCache heap:4345298944 maxSize:1086324736 maxEntrySize:543162368
17 silly packumentCache heap:4345298944 maxSize:1086324736 maxEntrySize:543162368
18 silly idealTree buildDeps
19 silly fetch manifest modern-web-guidance@0.0.185
20 silly packumentCache full:https://registry.npmjs.org/modern-web-guidance cache-miss
21 http fetch GET 200 https://registry.npmjs.org/modern-web-guidance 203ms (cache miss)
22 silly packumentCache full:https://registry.npmjs.org/modern-web-guidance set size:undefined disposed:false
23 silly placeDep ROOT modern-web-guidance@0.0.185 OK for:  want: 0.0.185
24 silly reify moves {}
25 silly audit bulk request { 'modern-web-guidance': [ '0.0.185' ] }
26 http cache modern-web-guidance@https://registry.npmjs.org/modern-web-guidance/-/modern-web-guidance-0.0.185.tgz 0ms (cache hit)
27 silly tarball no local data for modern-web-guidance@https://registry.npmjs.org/modern-web-guidance/-/modern-web-guidance-0.0.185.tgz. Extracting by manifest.
28 http fetch POST 200 https://registry.npmjs.org/-/npm/v1/security/advisories/bulk 193ms
29 silly audit report {}
30 http fetch GET 200 https://registry.npmjs.org/modern-web-guidance/-/modern-web-guidance-0.0.185.tgz 2609ms (cache miss)
31 verbose cwd /Users/tacosalfornoh/Coding/Rust/weaklings/Weaklings-Manager/apps/frontend
32 verbose os Darwin 25.6.0
33 verbose node v22.23.1
34 verbose npm  v10.9.8
35 notice
35 notice New [31mmajor[39m version of npm available! [31m10.9.8[39m -> [34m12.0.2[39m
35 notice Changelog: [34mhttps://github.com/npm/cli/releases/tag/v12.0.2[39m
35 notice To update run: [4mnpm install -g npm@12.0.2[24m
35 notice  { force: true, [Symbol(proc-log.meta)]: true }
36 verbose exit 0
37 info ok
